// Jest Snapshot v1, https://goo.gl/fbAQLP

exports[`Toolbar should pass any props 1`] = `
.c4 {
  margin-left: auto;
  margin-right: 0em;
}

.c0 {
  outline: none;
  box-sizing: border-box;
  width: 100%;
  display: flex;
  flex-direction: row;
  align-items: center;
  height: 62px;
  padding-left: 24px;
  padding-right: 24px;
}

.c1 {
  padding-left: 32px;
  cursor: pointer;
  display: flex;
  align-items: center;
  position: relative;
  min-width: auto;
}

.c1:first-child {
  padding-left: 0px;
}

.c2 {
  display: inline-flex;
  justify-content: center;
  align-items: center;
  box-sizing: border-box;
  white-space: nowrap;
  user-select: none;
  appearance: none;
  cursor: pointer;
  outline: 0;
  position: relative;
  border-radius: 8px;
  border-color: transparent;
  font-family: ALS Hauss,Helvetica,'Helvetica New',Arial,sans-serif;
  font-weight: 500;
  text-decoration: none;
  transition: background-color 0.3s ease,color 0.3s ease,border-color 0.3s ease;
  font-size: 14px;
  line-height: 22px;
  padding: 0 20px;
  height: 36px;
  min-width: 36px;
  color: #2B2D33;
  background-color: transparent;
  padding: 0;
}

.c2:active {
  top: 1px;
}

.c2:hover {
  color: #4669C8;
}

.c3 {
  display: inline-block;
  vertical-align: top;
  white-space: nowrap;
  overflow: hidden;
  text-overflow: ellipsis;
}

.c3:not(:last-of-type) {
  margin-right: 8px;
}

.c3>svg {
  display: block;
}

.c5 {
  flex: 0 0 auto;
}

<div
  class="c0 className"
  id="id"
  title="title"
>
  <div
    class="c1"
  >
    <button
      class="c2"
      type="button"
    >
      <span
        class="c3"
      />
      <span
        class="c3"
      >
        Option 1
      </span>
      <span
        class="c3"
      />
    </button>
  </div>
  <div
    class="c1"
  >
    <button
      class="c2"
      type="button"
    >
      <span
        class="c3"
      />
      <span
        class="c3"
      >
        Option 2
      </span>
      <span
        class="c3"
      />
    </button>
  </div>
  <div
    class="c1"
  >
    <button
      class="c2"
      type="button"
    >
      <span
        class="c3"
      />
      <span
        class="c3"
      >
        Option 3
      </span>
      <span
        class="c3"
      />
    </button>
  </div>
  <div
    class="c1"
  >
    <button
      class="c2"
      type="button"
    >
      <span
        class="c3"
      />
      <span
        class="c3"
      >
        Option 4
      </span>
      <span
        class="c3"
      />
    </button>
  </div>
  <div
    class="c4"
  >
    <div
      class="c1"
    >
      <button
        class="c2"
        type="button"
      >
        <span
          class="c3 c5"
        >
          <svg
            fill="currentColor"
            height="20"
            viewBox="0 0 24 24"
            width="20"
            xmlns="http://www.w3.org/2000/svg"
          >
            <path
              d="M4 10a2 2 0 110 4 2 2 0 010-4zm16 0a2 2 0 110 4 2 2 0 010-4zm-8 0a2 2 0 110 4 2 2 0 010-4z"
            />
          </svg>
        </span>
        <span
          class="c3"
        >
          More options
        </span>
        <span
          class="c3"
        />
      </button>
    </div>
  </div>
</div>
`;
