// Jest Snapshot v1, https://goo.gl/fbAQLP

exports[`RoundIcon 1`] = `
.c0 {
  position: relative;
  display: -webkit-inline-box;
  display: -webkit-inline-flex;
  display: -ms-inline-flexbox;
  display: inline-flex;
  -webkit-align-items: center;
  -webkit-box-align: center;
  -ms-flex-align: center;
  align-items: center;
  -webkit-box-pack: center;
  -webkit-justify-content: center;
  -ms-flex-pack: center;
  justify-content: center;
  -webkit-flex-shrink: 0;
  -ms-flex-negative: 0;
  flex-shrink: 0;
  border-radius: 50%;
  -webkit-user-select: none;
  -moz-user-select: none;
  -ms-user-select: none;
  user-select: none;
  height: 40px;
  width: 40px;
  font-size: 16px;
  background-color: #E9EAEA;
  color: #808185;
}

<div
  class="c0"
  color="seattle10"
>
  M
</div>
`;

exports[`RoundIcon w/ any props 1`] = `
.c0 {
  position: relative;
  display: -webkit-inline-box;
  display: -webkit-inline-flex;
  display: -ms-inline-flexbox;
  display: inline-flex;
  -webkit-align-items: center;
  -webkit-box-align: center;
  -ms-flex-align: center;
  align-items: center;
  -webkit-box-pack: center;
  -webkit-justify-content: center;
  -ms-flex-pack: center;
  justify-content: center;
  -webkit-flex-shrink: 0;
  -ms-flex-negative: 0;
  flex-shrink: 0;
  border-radius: 50%;
  -webkit-user-select: none;
  -moz-user-select: none;
  -ms-user-select: none;
  user-select: none;
  height: 40px;
  width: 40px;
  font-size: 16px;
  background-color: #E9EAEA;
  color: #808185;
  cursor: pointer;
}

<div
  class="c0 className"
  color="seattle10"
  id="id"
  title="title"
>
  M
</div>
`;

exports[`RoundIcon w/ clickable 1`] = `
.c0 {
  position: relative;
  display: -webkit-inline-box;
  display: -webkit-inline-flex;
  display: -ms-inline-flexbox;
  display: inline-flex;
  -webkit-align-items: center;
  -webkit-box-align: center;
  -ms-flex-align: center;
  align-items: center;
  -webkit-box-pack: center;
  -webkit-justify-content: center;
  -ms-flex-pack: center;
  justify-content: center;
  -webkit-flex-shrink: 0;
  -ms-flex-negative: 0;
  flex-shrink: 0;
  border-radius: 50%;
  -webkit-user-select: none;
  -moz-user-select: none;
  -ms-user-select: none;
  user-select: none;
  height: 40px;
  width: 40px;
  font-size: 16px;
  background-color: #E9EAEA;
  color: #808185;
  cursor: pointer;
}

<div
  class="c0"
  color="seattle10"
>
  M
</div>
`;

exports[`RoundIcon w/ color 1`] = `
Array [
  .c0 {
  position: relative;
  display: -webkit-inline-box;
  display: -webkit-inline-flex;
  display: -ms-inline-flexbox;
  display: inline-flex;
  -webkit-align-items: center;
  -webkit-box-align: center;
  -ms-flex-align: center;
  align-items: center;
  -webkit-box-pack: center;
  -webkit-justify-content: center;
  -ms-flex-pack: center;
  justify-content: center;
  -webkit-flex-shrink: 0;
  -ms-flex-negative: 0;
  flex-shrink: 0;
  border-radius: 50%;
  -webkit-user-select: none;
  -moz-user-select: none;
  -ms-user-select: none;
  user-select: none;
  height: 40px;
  width: 40px;
  font-size: 16px;
  background-color: #E9EAEA;
  color: #808185;
}

<div
    class="c0"
    color="seattle10"
  >
    M
  </div>,
  .c0 {
  position: relative;
  display: -webkit-inline-box;
  display: -webkit-inline-flex;
  display: -ms-inline-flexbox;
  display: inline-flex;
  -webkit-align-items: center;
  -webkit-box-align: center;
  -ms-flex-align: center;
  align-items: center;
  -webkit-box-pack: center;
  -webkit-justify-content: center;
  -ms-flex-pack: center;
  justify-content: center;
  -webkit-flex-shrink: 0;
  -ms-flex-negative: 0;
  flex-shrink: 0;
  border-radius: 50%;
  -webkit-user-select: none;
  -moz-user-select: none;
  -ms-user-select: none;
  user-select: none;
  height: 40px;
  width: 40px;
  font-size: 16px;
  background-color: #AAABAD;
  color: #FFFFFF;
}

<div
    class="c0"
    color="seattle60"
  >
    M
  </div>,
  .c0 {
  position: relative;
  display: -webkit-inline-box;
  display: -webkit-inline-flex;
  display: -ms-inline-flexbox;
  display: inline-flex;
  -webkit-align-items: center;
  -webkit-box-align: center;
  -ms-flex-align: center;
  align-items: center;
  -webkit-box-pack: center;
  -webkit-justify-content: center;
  -ms-flex-pack: center;
  justify-content: center;
  -webkit-flex-shrink: 0;
  -ms-flex-negative: 0;
  flex-shrink: 0;
  border-radius: 50%;
  -webkit-user-select: none;
  -moz-user-select: none;
  -ms-user-select: none;
  user-select: none;
  height: 40px;
  width: 40px;
  font-size: 16px;
  background-color: #E6F6F8;
  color: #00A5BC;
}

<div
    class="c0"
    color="oslo10"
  >
    M
  </div>,
  .c0 {
  position: relative;
  display: -webkit-inline-box;
  display: -webkit-inline-flex;
  display: -ms-inline-flexbox;
  display: inline-flex;
  -webkit-align-items: center;
  -webkit-box-align: center;
  -ms-flex-align: center;
  align-items: center;
  -webkit-box-pack: center;
  -webkit-justify-content: center;
  -ms-flex-pack: center;
  justify-content: center;
  -webkit-flex-shrink: 0;
  -ms-flex-negative: 0;
  flex-shrink: 0;
  border-radius: 50%;
  -webkit-user-select: none;
  -moz-user-select: none;
  -ms-user-select: none;
  user-select: none;
  height: 40px;
  width: 40px;
  font-size: 16px;
  background-color: #66C9D7;
  color: #FFFFFF;
}

<div
    class="c0"
    color="oslo60"
  >
    M
  </div>,
  .c0 {
  position: relative;
  display: -webkit-inline-box;
  display: -webkit-inline-flex;
  display: -ms-inline-flexbox;
  display: inline-flex;
  -webkit-align-items: center;
  -webkit-box-align: center;
  -ms-flex-align: center;
  align-items: center;
  -webkit-box-pack: center;
  -webkit-justify-content: center;
  -ms-flex-pack: center;
  justify-content: center;
  -webkit-flex-shrink: 0;
  -ms-flex-negative: 0;
  flex-shrink: 0;
  border-radius: 50%;
  -webkit-user-select: none;
  -moz-user-select: none;
  -ms-user-select: none;
  user-select: none;
  height: 40px;
  width: 40px;
  font-size: 16px;
  background-color: #E7F8F4;
  color: #5ED1B6;
}

<div
    class="c0"
    color="miami10"
  >
    M
  </div>,
  .c0 {
  position: relative;
  display: -webkit-inline-box;
  display: -webkit-inline-flex;
  display: -ms-inline-flexbox;
  display: inline-flex;
  -webkit-align-items: center;
  -webkit-box-align: center;
  -ms-flex-align: center;
  align-items: center;
  -webkit-box-pack: center;
  -webkit-justify-content: center;
  -ms-flex-pack: center;
  justify-content: center;
  -webkit-flex-shrink: 0;
  -ms-flex-negative: 0;
  flex-shrink: 0;
  border-radius: 50%;
  -webkit-user-select: none;
  -moz-user-select: none;
  -ms-user-select: none;
  user-select: none;
  height: 40px;
  width: 40px;
  font-size: 16px;
  background-color: #5ED1B6;
  color: #FFFFFF;
}

<div
    class="c0"
    color="miami100"
  >
    M
  </div>,
  .c0 {
  position: relative;
  display: -webkit-inline-box;
  display: -webkit-inline-flex;
  display: -ms-inline-flexbox;
  display: inline-flex;
  -webkit-align-items: center;
  -webkit-box-align: center;
  -ms-flex-align: center;
  align-items: center;
  -webkit-box-pack: center;
  -webkit-justify-content: center;
  -ms-flex-pack: center;
  justify-content: center;
  -webkit-flex-shrink: 0;
  -ms-flex-negative: 0;
  flex-shrink: 0;
  border-radius: 50%;
  -webkit-user-select: none;
  -moz-user-select: none;
  -ms-user-select: none;
  user-select: none;
  height: 40px;
  width: 40px;
  font-size: 16px;
  background-color: #FFEFEF;
  color: #FC9696;
}

<div
    class="c0"
    color="nice10"
  >
    M
  </div>,
  .c0 {
  position: relative;
  display: -webkit-inline-box;
  display: -webkit-inline-flex;
  display: -ms-inline-flexbox;
  display: inline-flex;
  -webkit-align-items: center;
  -webkit-box-align: center;
  -ms-flex-align: center;
  align-items: center;
  -webkit-box-pack: center;
  -webkit-justify-content: center;
  -ms-flex-pack: center;
  justify-content: center;
  -webkit-flex-shrink: 0;
  -ms-flex-negative: 0;
  flex-shrink: 0;
  border-radius: 50%;
  -webkit-user-select: none;
  -moz-user-select: none;
  -ms-user-select: none;
  user-select: none;
  height: 40px;
  width: 40px;
  font-size: 16px;
  background-color: #FC9696;
  color: #FFFFFF;
}

<div
    class="c0"
    color="nice100"
  >
    M
  </div>,
  .c0 {
  position: relative;
  display: -webkit-inline-box;
  display: -webkit-inline-flex;
  display: -ms-inline-flexbox;
  display: inline-flex;
  -webkit-align-items: center;
  -webkit-box-align: center;
  -ms-flex-align: center;
  align-items: center;
  -webkit-box-pack: center;
  -webkit-justify-content: center;
  -ms-flex-pack: center;
  justify-content: center;
  -webkit-flex-shrink: 0;
  -ms-flex-negative: 0;
  flex-shrink: 0;
  border-radius: 50%;
  -webkit-user-select: none;
  -moz-user-select: none;
  -ms-user-select: none;
  user-select: none;
  height: 40px;
  width: 40px;
  font-size: 16px;
  background-color: #FFF4E8;
  color: #FCB664;
}

<div
    class="c0"
    color="dubai10"
  >
    M
  </div>,
  .c0 {
  position: relative;
  display: -webkit-inline-box;
  display: -webkit-inline-flex;
  display: -ms-inline-flexbox;
  display: inline-flex;
  -webkit-align-items: center;
  -webkit-box-align: center;
  -ms-flex-align: center;
  align-items: center;
  -webkit-box-pack: center;
  -webkit-justify-content: center;
  -ms-flex-pack: center;
  justify-content: center;
  -webkit-flex-shrink: 0;
  -ms-flex-negative: 0;
  flex-shrink: 0;
  border-radius: 50%;
  -webkit-user-select: none;
  -moz-user-select: none;
  -ms-user-select: none;
  user-select: none;
  height: 40px;
  width: 40px;
  font-size: 16px;
  background-color: #FCB664;
  color: #FFFFFF;
}

<div
    class="c0"
    color="dubai100"
  >
    M
  </div>,
  .c0 {
  position: relative;
  display: -webkit-inline-box;
  display: -webkit-inline-flex;
  display: -ms-inline-flexbox;
  display: inline-flex;
  -webkit-align-items: center;
  -webkit-box-align: center;
  -ms-flex-align: center;
  align-items: center;
  -webkit-box-pack: center;
  -webkit-justify-content: center;
  -ms-flex-pack: center;
  justify-content: center;
  -webkit-flex-shrink: 0;
  -ms-flex-negative: 0;
  flex-shrink: 0;
  border-radius: 50%;
  -webkit-user-select: none;
  -moz-user-select: none;
  -ms-user-select: none;
  user-select: none;
  height: 40px;
  width: 40px;
  font-size: 16px;
  background-color: #F0F0FE;
  color: #9A99FB;
}

<div
    class="c0"
    color="paris10"
  >
    M
  </div>,
  .c0 {
  position: relative;
  display: -webkit-inline-box;
  display: -webkit-inline-flex;
  display: -ms-inline-flexbox;
  display: inline-flex;
  -webkit-align-items: center;
  -webkit-box-align: center;
  -ms-flex-align: center;
  align-items: center;
  -webkit-box-pack: center;
  -webkit-justify-content: center;
  -ms-flex-pack: center;
  justify-content: center;
  -webkit-flex-shrink: 0;
  -ms-flex-negative: 0;
  flex-shrink: 0;
  border-radius: 50%;
  -webkit-user-select: none;
  -moz-user-select: none;
  -ms-user-select: none;
  user-select: none;
  height: 40px;
  width: 40px;
  font-size: 16px;
  background-color: #9A99FB;
  color: #FFFFFF;
}

<div
    class="c0"
    color="paris100"
  >
    M
  </div>,
  .c0 {
  position: relative;
  display: -webkit-inline-box;
  display: -webkit-inline-flex;
  display: -ms-inline-flexbox;
  display: inline-flex;
  -webkit-align-items: center;
  -webkit-box-align: center;
  -ms-flex-align: center;
  align-items: center;
  -webkit-box-pack: center;
  -webkit-justify-content: center;
  -ms-flex-pack: center;
  justify-content: center;
  -webkit-flex-shrink: 0;
  -ms-flex-negative: 0;
  flex-shrink: 0;
  border-radius: 50%;
  -webkit-user-select: none;
  -moz-user-select: none;
  -ms-user-select: none;
  user-select: none;
  height: 40px;
  width: 40px;
  font-size: 16px;
  background-color: #E6F4FC;
  color: #57B6ED;
}

<div
    class="c0"
    color="sochi10"
  >
    M
  </div>,
  .c0 {
  position: relative;
  display: -webkit-inline-box;
  display: -webkit-inline-flex;
  display: -ms-inline-flexbox;
  display: inline-flex;
  -webkit-align-items: center;
  -webkit-box-align: center;
  -ms-flex-align: center;
  align-items: center;
  -webkit-box-pack: center;
  -webkit-justify-content: center;
  -ms-flex-pack: center;
  justify-content: center;
  -webkit-flex-shrink: 0;
  -ms-flex-negative: 0;
  flex-shrink: 0;
  border-radius: 50%;
  -webkit-user-select: none;
  -moz-user-select: none;
  -ms-user-select: none;
  user-select: none;
  height: 40px;
  width: 40px;
  font-size: 16px;
  background-color: #57B6ED;
  color: #FFFFFF;
}

<div
    class="c0"
    color="sochi100"
  >
    M
  </div>,
  .c0 {
  position: relative;
  display: -webkit-inline-box;
  display: -webkit-inline-flex;
  display: -ms-inline-flexbox;
  display: inline-flex;
  -webkit-align-items: center;
  -webkit-box-align: center;
  -ms-flex-align: center;
  align-items: center;
  -webkit-box-pack: center;
  -webkit-justify-content: center;
  -ms-flex-pack: center;
  justify-content: center;
  -webkit-flex-shrink: 0;
  -ms-flex-negative: 0;
  flex-shrink: 0;
  border-radius: 50%;
  -webkit-user-select: none;
  -moz-user-select: none;
  -ms-user-select: none;
  user-select: none;
  height: 40px;
  width: 40px;
  font-size: 16px;
  background-color: #FAEFFA;
  color: #DC94DD;
}

<div
    class="c0"
    color="tokyo10"
  >
    M
  </div>,
  .c0 {
  position: relative;
  display: -webkit-inline-box;
  display: -webkit-inline-flex;
  display: -ms-inline-flexbox;
  display: inline-flex;
  -webkit-align-items: center;
  -webkit-box-align: center;
  -ms-flex-align: center;
  align-items: center;
  -webkit-box-pack: center;
  -webkit-justify-content: center;
  -ms-flex-pack: center;
  justify-content: center;
  -webkit-flex-shrink: 0;
  -ms-flex-negative: 0;
  flex-shrink: 0;
  border-radius: 50%;
  -webkit-user-select: none;
  -moz-user-select: none;
  -ms-user-select: none;
  user-select: none;
  height: 40px;
  width: 40px;
  font-size: 16px;
  background-color: #DC94DD;
  color: #FFFFFF;
}

<div
    class="c0"
    color="tokyo100"
  >
    M
  </div>,
  .c0 {
  position: relative;
  display: -webkit-inline-box;
  display: -webkit-inline-flex;
  display: -ms-inline-flexbox;
  display: inline-flex;
  -webkit-align-items: center;
  -webkit-box-align: center;
  -ms-flex-align: center;
  align-items: center;
  -webkit-box-pack: center;
  -webkit-justify-content: center;
  -ms-flex-pack: center;
  justify-content: center;
  -webkit-flex-shrink: 0;
  -ms-flex-negative: 0;
  flex-shrink: 0;
  border-radius: 50%;
  -webkit-user-select: none;
  -moz-user-select: none;
  -ms-user-select: none;
  user-select: none;
  height: 40px;
  width: 40px;
  font-size: 16px;
  background-color: #F2F8E7;
  color: #A5D05F;
}

<div
    class="c0"
    color="dublin10"
  >
    M
  </div>,
  .c0 {
  position: relative;
  display: -webkit-inline-box;
  display: -webkit-inline-flex;
  display: -ms-inline-flexbox;
  display: inline-flex;
  -webkit-align-items: center;
  -webkit-box-align: center;
  -ms-flex-align: center;
  align-items: center;
  -webkit-box-pack: center;
  -webkit-justify-content: center;
  -ms-flex-pack: center;
  justify-content: center;
  -webkit-flex-shrink: 0;
  -ms-flex-negative: 0;
  flex-shrink: 0;
  border-radius: 50%;
  -webkit-user-select: none;
  -moz-user-select: none;
  -ms-user-select: none;
  user-select: none;
  height: 40px;
  width: 40px;
  font-size: 16px;
  background-color: #A5D05F;
  color: #FFFFFF;
}

<div
    class="c0"
    color="dublin100"
  >
    M
  </div>,
  .c0 {
  position: relative;
  display: -webkit-inline-box;
  display: -webkit-inline-flex;
  display: -ms-inline-flexbox;
  display: inline-flex;
  -webkit-align-items: center;
  -webkit-box-align: center;
  -ms-flex-align: center;
  align-items: center;
  -webkit-box-pack: center;
  -webkit-justify-content: center;
  -ms-flex-pack: center;
  justify-content: center;
  -webkit-flex-shrink: 0;
  -ms-flex-negative: 0;
  flex-shrink: 0;
  border-radius: 50%;
  -webkit-user-select: none;
  -moz-user-select: none;
  -ms-user-select: none;
  user-select: none;
  height: 40px;
  width: 40px;
  font-size: 16px;
  background-color: #ECF8EB;
  color: #7DD27C;
}

<div
    class="c0"
    color="bern10"
  >
    M
  </div>,
  .c0 {
  position: relative;
  display: -webkit-inline-box;
  display: -webkit-inline-flex;
  display: -ms-inline-flexbox;
  display: inline-flex;
  -webkit-align-items: center;
  -webkit-box-align: center;
  -ms-flex-align: center;
  align-items: center;
  -webkit-box-pack: center;
  -webkit-justify-content: center;
  -ms-flex-pack: center;
  justify-content: center;
  -webkit-flex-shrink: 0;
  -ms-flex-negative: 0;
  flex-shrink: 0;
  border-radius: 50%;
  -webkit-user-select: none;
  -moz-user-select: none;
  -ms-user-select: none;
  user-select: none;
  height: 40px;
  width: 40px;
  font-size: 16px;
  background-color: #7DD27C;
  color: #FFFFFF;
}

<div
    class="c0"
    color="bern100"
  >
    M
  </div>,
  .c0 {
  position: relative;
  display: -webkit-inline-box;
  display: -webkit-inline-flex;
  display: -ms-inline-flexbox;
  display: inline-flex;
  -webkit-align-items: center;
  -webkit-box-align: center;
  -ms-flex-align: center;
  align-items: center;
  -webkit-box-pack: center;
  -webkit-justify-content: center;
  -ms-flex-pack: center;
  justify-content: center;
  -webkit-flex-shrink: 0;
  -ms-flex-negative: 0;
  flex-shrink: 0;
  border-radius: 50%;
  -webkit-user-select: none;
  -moz-user-select: none;
  -ms-user-select: none;
  user-select: none;
  height: 40px;
  width: 40px;
  font-size: 16px;
  background-color: #E4F7F8;
  color: #4BCBD3;
}

<div
    class="c0"
    color="manila10"
  >
    M
  </div>,
  .c0 {
  position: relative;
  display: -webkit-inline-box;
  display: -webkit-inline-flex;
  display: -ms-inline-flexbox;
  display: inline-flex;
  -webkit-align-items: center;
  -webkit-box-align: center;
  -ms-flex-align: center;
  align-items: center;
  -webkit-box-pack: center;
  -webkit-justify-content: center;
  -ms-flex-pack: center;
  justify-content: center;
  -webkit-flex-shrink: 0;
  -ms-flex-negative: 0;
  flex-shrink: 0;
  border-radius: 50%;
  -webkit-user-select: none;
  -moz-user-select: none;
  -ms-user-select: none;
  user-select: none;
  height: 40px;
  width: 40px;
  font-size: 16px;
  background-color: #4BCBD3;
  color: #FFFFFF;
}

<div
    class="c0"
    color="manila100"
  >
    M
  </div>,
  .c0 {
  position: relative;
  display: -webkit-inline-box;
  display: -webkit-inline-flex;
  display: -ms-inline-flexbox;
  display: inline-flex;
  -webkit-align-items: center;
  -webkit-box-align: center;
  -ms-flex-align: center;
  align-items: center;
  -webkit-box-pack: center;
  -webkit-justify-content: center;
  -ms-flex-pack: center;
  justify-content: center;
  -webkit-flex-shrink: 0;
  -ms-flex-negative: 0;
  flex-shrink: 0;
  border-radius: 50%;
  -webkit-user-select: none;
  -moz-user-select: none;
  -ms-user-select: none;
  user-select: none;
  height: 40px;
  width: 40px;
  font-size: 16px;
  background-color: #ECF2FF;
  color: #82A9FF;
}

<div
    class="c0"
    color="tallin10"
  >
    M
  </div>,
  .c0 {
  position: relative;
  display: -webkit-inline-box;
  display: -webkit-inline-flex;
  display: -ms-inline-flexbox;
  display: inline-flex;
  -webkit-align-items: center;
  -webkit-box-align: center;
  -ms-flex-align: center;
  align-items: center;
  -webkit-box-pack: center;
  -webkit-justify-content: center;
  -ms-flex-pack: center;
  justify-content: center;
  -webkit-flex-shrink: 0;
  -ms-flex-negative: 0;
  flex-shrink: 0;
  border-radius: 50%;
  -webkit-user-select: none;
  -moz-user-select: none;
  -ms-user-select: none;
  user-select: none;
  height: 40px;
  width: 40px;
  font-size: 16px;
  background-color: #82A9FF;
  color: #FFFFFF;
}

<div
    class="c0"
    color="tallin100"
  >
    M
  </div>,
  .c0 {
  position: relative;
  display: -webkit-inline-box;
  display: -webkit-inline-flex;
  display: -ms-inline-flexbox;
  display: inline-flex;
  -webkit-align-items: center;
  -webkit-box-align: center;
  -ms-flex-align: center;
  align-items: center;
  -webkit-box-pack: center;
  -webkit-justify-content: center;
  -ms-flex-pack: center;
  justify-content: center;
  -webkit-flex-shrink: 0;
  -ms-flex-negative: 0;
  flex-shrink: 0;
  border-radius: 50%;
  -webkit-user-select: none;
  -moz-user-select: none;
  -ms-user-select: none;
  user-select: none;
  height: 40px;
  width: 40px;
  font-size: 16px;
  background-color: #F5EFFE;
  color: #BE93F8;
}

<div
    class="c0"
    color="seoul10"
  >
    M
  </div>,
  .c0 {
  position: relative;
  display: -webkit-inline-box;
  display: -webkit-inline-flex;
  display: -ms-inline-flexbox;
  display: inline-flex;
  -webkit-align-items: center;
  -webkit-box-align: center;
  -ms-flex-align: center;
  align-items: center;
  -webkit-box-pack: center;
  -webkit-justify-content: center;
  -ms-flex-pack: center;
  justify-content: center;
  -webkit-flex-shrink: 0;
  -ms-flex-negative: 0;
  flex-shrink: 0;
  border-radius: 50%;
  -webkit-user-select: none;
  -moz-user-select: none;
  -ms-user-select: none;
  user-select: none;
  height: 40px;
  width: 40px;
  font-size: 16px;
  background-color: #BE93F8;
  color: #FFFFFF;
}

<div
    class="c0"
    color="seoul100"
  >
    M
  </div>,
  .c0 {
  position: relative;
  display: -webkit-inline-box;
  display: -webkit-inline-flex;
  display: -ms-inline-flexbox;
  display: inline-flex;
  -webkit-align-items: center;
  -webkit-box-align: center;
  -ms-flex-align: center;
  align-items: center;
  -webkit-box-pack: center;
  -webkit-justify-content: center;
  -ms-flex-pack: center;
  justify-content: center;
  -webkit-flex-shrink: 0;
  -ms-flex-negative: 0;
  flex-shrink: 0;
  border-radius: 50%;
  -webkit-user-select: none;
  -moz-user-select: none;
  -ms-user-select: none;
  user-select: none;
  height: 40px;
  width: 40px;
  font-size: 16px;
  background-color: #FDEFF5;
  color: #F095BA;
}

<div
    class="c0"
    color="havana10"
  >
    M
  </div>,
  .c0 {
  position: relative;
  display: -webkit-inline-box;
  display: -webkit-inline-flex;
  display: -ms-inline-flexbox;
  display: inline-flex;
  -webkit-align-items: center;
  -webkit-box-align: center;
  -ms-flex-align: center;
  align-items: center;
  -webkit-box-pack: center;
  -webkit-justify-content: center;
  -ms-flex-pack: center;
  justify-content: center;
  -webkit-flex-shrink: 0;
  -ms-flex-negative: 0;
  flex-shrink: 0;
  border-radius: 50%;
  -webkit-user-select: none;
  -moz-user-select: none;
  -ms-user-select: none;
  user-select: none;
  height: 40px;
  width: 40px;
  font-size: 16px;
  background-color: #F095BA;
  color: #FFFFFF;
}

<div
    class="c0"
    color="havana100"
  >
    M
  </div>,
  .c0 {
  position: relative;
  display: -webkit-inline-box;
  display: -webkit-inline-flex;
  display: -ms-inline-flexbox;
  display: inline-flex;
  -webkit-align-items: center;
  -webkit-box-align: center;
  -ms-flex-align: center;
  align-items: center;
  -webkit-box-pack: center;
  -webkit-justify-content: center;
  -ms-flex-pack: center;
  justify-content: center;
  -webkit-flex-shrink: 0;
  -ms-flex-negative: 0;
  flex-shrink: 0;
  border-radius: 50%;
  -webkit-user-select: none;
  -moz-user-select: none;
  -ms-user-select: none;
  user-select: none;
  height: 40px;
  width: 40px;
  font-size: 16px;
  background-color: #FEF6E1;
  color: #F9C541;
}

<div
    class="c0"
    color="madrid10"
  >
    M
  </div>,
  .c0 {
  position: relative;
  display: -webkit-inline-box;
  display: -webkit-inline-flex;
  display: -ms-inline-flexbox;
  display: inline-flex;
  -webkit-align-items: center;
  -webkit-box-align: center;
  -ms-flex-align: center;
  align-items: center;
  -webkit-box-pack: center;
  -webkit-justify-content: center;
  -ms-flex-pack: center;
  justify-content: center;
  -webkit-flex-shrink: 0;
  -ms-flex-negative: 0;
  flex-shrink: 0;
  border-radius: 50%;
  -webkit-user-select: none;
  -moz-user-select: none;
  -ms-user-select: none;
  user-select: none;
  height: 40px;
  width: 40px;
  font-size: 16px;
  background-color: #F9C541;
  color: #FFFFFF;
}

<div
    class="c0"
    color="madrid100"
  >
    M
  </div>,
  .c0 {
  position: relative;
  display: -webkit-inline-box;
  display: -webkit-inline-flex;
  display: -ms-inline-flexbox;
  display: inline-flex;
  -webkit-align-items: center;
  -webkit-box-align: center;
  -ms-flex-align: center;
  align-items: center;
  -webkit-box-pack: center;
  -webkit-justify-content: center;
  -ms-flex-pack: center;
  justify-content: center;
  -webkit-flex-shrink: 0;
  -ms-flex-negative: 0;
  flex-shrink: 0;
  border-radius: 50%;
  -webkit-user-select: none;
  -moz-user-select: none;
  -ms-user-select: none;
  user-select: none;
  height: 40px;
  width: 40px;
  font-size: 16px;
  background-color: #FFF1EB;
  color: #FEA17A;
}

<div
    class="c0"
    color="porto10"
  >
    M
  </div>,
  .c0 {
  position: relative;
  display: -webkit-inline-box;
  display: -webkit-inline-flex;
  display: -ms-inline-flexbox;
  display: inline-flex;
  -webkit-align-items: center;
  -webkit-box-align: center;
  -ms-flex-align: center;
  align-items: center;
  -webkit-box-pack: center;
  -webkit-justify-content: center;
  -ms-flex-pack: center;
  justify-content: center;
  -webkit-flex-shrink: 0;
  -ms-flex-negative: 0;
  flex-shrink: 0;
  border-radius: 50%;
  -webkit-user-select: none;
  -moz-user-select: none;
  -ms-user-select: none;
  user-select: none;
  height: 40px;
  width: 40px;
  font-size: 16px;
  background-color: #FEA17A;
  color: #FFFFFF;
}

<div
    class="c0"
    color="porto100"
  >
    M
  </div>,
]
`;

exports[`RoundIcon w/ color and icon 1`] = `
Array [
  .c0 {
  position: relative;
  display: -webkit-inline-box;
  display: -webkit-inline-flex;
  display: -ms-inline-flexbox;
  display: inline-flex;
  -webkit-align-items: center;
  -webkit-box-align: center;
  -ms-flex-align: center;
  align-items: center;
  -webkit-box-pack: center;
  -webkit-justify-content: center;
  -ms-flex-pack: center;
  justify-content: center;
  -webkit-flex-shrink: 0;
  -ms-flex-negative: 0;
  flex-shrink: 0;
  border-radius: 50%;
  -webkit-user-select: none;
  -moz-user-select: none;
  -ms-user-select: none;
  user-select: none;
  height: 40px;
  width: 40px;
  font-size: 16px;
  background-color: #E9EAEA;
  color: #808185;
}

<div
    class="c0"
    color="seattle10"
  >
    <svg
      fill="currentColor"
      height="20"
      viewBox="0 0 24 24"
      width="20"
      xmlns="http://www.w3.org/2000/svg"
    >
      <defs />
      <path
        clip-rule="evenodd"
        d="M12 2a5 5 0 100 10 5 5 0 000-10zM9 7a3 3 0 116 0 3 3 0 01-6 0z"
        fill-rule="evenodd"
      />
      <path
        d="M12 13c-5.41 0-8.5 4.598-8.5 9h2c0-3.598 2.473-7 6.5-7s6.5 3.402 6.5 7h2c0-4.402-3.09-9-8.5-9z"
      />
    </svg>
  </div>,
  .c0 {
  position: relative;
  display: -webkit-inline-box;
  display: -webkit-inline-flex;
  display: -ms-inline-flexbox;
  display: inline-flex;
  -webkit-align-items: center;
  -webkit-box-align: center;
  -ms-flex-align: center;
  align-items: center;
  -webkit-box-pack: center;
  -webkit-justify-content: center;
  -ms-flex-pack: center;
  justify-content: center;
  -webkit-flex-shrink: 0;
  -ms-flex-negative: 0;
  flex-shrink: 0;
  border-radius: 50%;
  -webkit-user-select: none;
  -moz-user-select: none;
  -ms-user-select: none;
  user-select: none;
  height: 40px;
  width: 40px;
  font-size: 16px;
  background-color: #AAABAD;
  color: #FFFFFF;
}

<div
    class="c0"
    color="seattle60"
  >
    <svg
      fill="currentColor"
      height="20"
      viewBox="0 0 24 24"
      width="20"
      xmlns="http://www.w3.org/2000/svg"
    >
      <defs />
      <path
        clip-rule="evenodd"
        d="M12 2a5 5 0 100 10 5 5 0 000-10zM9 7a3 3 0 116 0 3 3 0 01-6 0z"
        fill-rule="evenodd"
      />
      <path
        d="M12 13c-5.41 0-8.5 4.598-8.5 9h2c0-3.598 2.473-7 6.5-7s6.5 3.402 6.5 7h2c0-4.402-3.09-9-8.5-9z"
      />
    </svg>
  </div>,
  .c0 {
  position: relative;
  display: -webkit-inline-box;
  display: -webkit-inline-flex;
  display: -ms-inline-flexbox;
  display: inline-flex;
  -webkit-align-items: center;
  -webkit-box-align: center;
  -ms-flex-align: center;
  align-items: center;
  -webkit-box-pack: center;
  -webkit-justify-content: center;
  -ms-flex-pack: center;
  justify-content: center;
  -webkit-flex-shrink: 0;
  -ms-flex-negative: 0;
  flex-shrink: 0;
  border-radius: 50%;
  -webkit-user-select: none;
  -moz-user-select: none;
  -ms-user-select: none;
  user-select: none;
  height: 40px;
  width: 40px;
  font-size: 16px;
  background-color: #E6F6F8;
  color: #00A5BC;
}

<div
    class="c0"
    color="oslo10"
  >
    <svg
      fill="currentColor"
      height="20"
      viewBox="0 0 24 24"
      width="20"
      xmlns="http://www.w3.org/2000/svg"
    >
      <defs />
      <path
        clip-rule="evenodd"
        d="M12 2a5 5 0 100 10 5 5 0 000-10zM9 7a3 3 0 116 0 3 3 0 01-6 0z"
        fill-rule="evenodd"
      />
      <path
        d="M12 13c-5.41 0-8.5 4.598-8.5 9h2c0-3.598 2.473-7 6.5-7s6.5 3.402 6.5 7h2c0-4.402-3.09-9-8.5-9z"
      />
    </svg>
  </div>,
  .c0 {
  position: relative;
  display: -webkit-inline-box;
  display: -webkit-inline-flex;
  display: -ms-inline-flexbox;
  display: inline-flex;
  -webkit-align-items: center;
  -webkit-box-align: center;
  -ms-flex-align: center;
  align-items: center;
  -webkit-box-pack: center;
  -webkit-justify-content: center;
  -ms-flex-pack: center;
  justify-content: center;
  -webkit-flex-shrink: 0;
  -ms-flex-negative: 0;
  flex-shrink: 0;
  border-radius: 50%;
  -webkit-user-select: none;
  -moz-user-select: none;
  -ms-user-select: none;
  user-select: none;
  height: 40px;
  width: 40px;
  font-size: 16px;
  background-color: #66C9D7;
  color: #FFFFFF;
}

<div
    class="c0"
    color="oslo60"
  >
    <svg
      fill="currentColor"
      height="20"
      viewBox="0 0 24 24"
      width="20"
      xmlns="http://www.w3.org/2000/svg"
    >
      <defs />
      <path
        clip-rule="evenodd"
        d="M12 2a5 5 0 100 10 5 5 0 000-10zM9 7a3 3 0 116 0 3 3 0 01-6 0z"
        fill-rule="evenodd"
      />
      <path
        d="M12 13c-5.41 0-8.5 4.598-8.5 9h2c0-3.598 2.473-7 6.5-7s6.5 3.402 6.5 7h2c0-4.402-3.09-9-8.5-9z"
      />
    </svg>
  </div>,
  .c0 {
  position: relative;
  display: -webkit-inline-box;
  display: -webkit-inline-flex;
  display: -ms-inline-flexbox;
  display: inline-flex;
  -webkit-align-items: center;
  -webkit-box-align: center;
  -ms-flex-align: center;
  align-items: center;
  -webkit-box-pack: center;
  -webkit-justify-content: center;
  -ms-flex-pack: center;
  justify-content: center;
  -webkit-flex-shrink: 0;
  -ms-flex-negative: 0;
  flex-shrink: 0;
  border-radius: 50%;
  -webkit-user-select: none;
  -moz-user-select: none;
  -ms-user-select: none;
  user-select: none;
  height: 40px;
  width: 40px;
  font-size: 16px;
  background-color: #E7F8F4;
  color: #5ED1B6;
}

<div
    class="c0"
    color="miami10"
  >
    <svg
      fill="currentColor"
      height="20"
      viewBox="0 0 24 24"
      width="20"
      xmlns="http://www.w3.org/2000/svg"
    >
      <defs />
      <path
        clip-rule="evenodd"
        d="M12 2a5 5 0 100 10 5 5 0 000-10zM9 7a3 3 0 116 0 3 3 0 01-6 0z"
        fill-rule="evenodd"
      />
      <path
        d="M12 13c-5.41 0-8.5 4.598-8.5 9h2c0-3.598 2.473-7 6.5-7s6.5 3.402 6.5 7h2c0-4.402-3.09-9-8.5-9z"
      />
    </svg>
  </div>,
  .c0 {
  position: relative;
  display: -webkit-inline-box;
  display: -webkit-inline-flex;
  display: -ms-inline-flexbox;
  display: inline-flex;
  -webkit-align-items: center;
  -webkit-box-align: center;
  -ms-flex-align: center;
  align-items: center;
  -webkit-box-pack: center;
  -webkit-justify-content: center;
  -ms-flex-pack: center;
  justify-content: center;
  -webkit-flex-shrink: 0;
  -ms-flex-negative: 0;
  flex-shrink: 0;
  border-radius: 50%;
  -webkit-user-select: none;
  -moz-user-select: none;
  -ms-user-select: none;
  user-select: none;
  height: 40px;
  width: 40px;
  font-size: 16px;
  background-color: #5ED1B6;
  color: #FFFFFF;
}

<div
    class="c0"
    color="miami100"
  >
    <svg
      fill="currentColor"
      height="20"
      viewBox="0 0 24 24"
      width="20"
      xmlns="http://www.w3.org/2000/svg"
    >
      <defs />
      <path
        clip-rule="evenodd"
        d="M12 2a5 5 0 100 10 5 5 0 000-10zM9 7a3 3 0 116 0 3 3 0 01-6 0z"
        fill-rule="evenodd"
      />
      <path
        d="M12 13c-5.41 0-8.5 4.598-8.5 9h2c0-3.598 2.473-7 6.5-7s6.5 3.402 6.5 7h2c0-4.402-3.09-9-8.5-9z"
      />
    </svg>
  </div>,
  .c0 {
  position: relative;
  display: -webkit-inline-box;
  display: -webkit-inline-flex;
  display: -ms-inline-flexbox;
  display: inline-flex;
  -webkit-align-items: center;
  -webkit-box-align: center;
  -ms-flex-align: center;
  align-items: center;
  -webkit-box-pack: center;
  -webkit-justify-content: center;
  -ms-flex-pack: center;
  justify-content: center;
  -webkit-flex-shrink: 0;
  -ms-flex-negative: 0;
  flex-shrink: 0;
  border-radius: 50%;
  -webkit-user-select: none;
  -moz-user-select: none;
  -ms-user-select: none;
  user-select: none;
  height: 40px;
  width: 40px;
  font-size: 16px;
  background-color: #FFEFEF;
  color: #FC9696;
}

<div
    class="c0"
    color="nice10"
  >
    <svg
      fill="currentColor"
      height="20"
      viewBox="0 0 24 24"
      width="20"
      xmlns="http://www.w3.org/2000/svg"
    >
      <defs />
      <path
        clip-rule="evenodd"
        d="M12 2a5 5 0 100 10 5 5 0 000-10zM9 7a3 3 0 116 0 3 3 0 01-6 0z"
        fill-rule="evenodd"
      />
      <path
        d="M12 13c-5.41 0-8.5 4.598-8.5 9h2c0-3.598 2.473-7 6.5-7s6.5 3.402 6.5 7h2c0-4.402-3.09-9-8.5-9z"
      />
    </svg>
  </div>,
  .c0 {
  position: relative;
  display: -webkit-inline-box;
  display: -webkit-inline-flex;
  display: -ms-inline-flexbox;
  display: inline-flex;
  -webkit-align-items: center;
  -webkit-box-align: center;
  -ms-flex-align: center;
  align-items: center;
  -webkit-box-pack: center;
  -webkit-justify-content: center;
  -ms-flex-pack: center;
  justify-content: center;
  -webkit-flex-shrink: 0;
  -ms-flex-negative: 0;
  flex-shrink: 0;
  border-radius: 50%;
  -webkit-user-select: none;
  -moz-user-select: none;
  -ms-user-select: none;
  user-select: none;
  height: 40px;
  width: 40px;
  font-size: 16px;
  background-color: #FC9696;
  color: #FFFFFF;
}

<div
    class="c0"
    color="nice100"
  >
    <svg
      fill="currentColor"
      height="20"
      viewBox="0 0 24 24"
      width="20"
      xmlns="http://www.w3.org/2000/svg"
    >
      <defs />
      <path
        clip-rule="evenodd"
        d="M12 2a5 5 0 100 10 5 5 0 000-10zM9 7a3 3 0 116 0 3 3 0 01-6 0z"
        fill-rule="evenodd"
      />
      <path
        d="M12 13c-5.41 0-8.5 4.598-8.5 9h2c0-3.598 2.473-7 6.5-7s6.5 3.402 6.5 7h2c0-4.402-3.09-9-8.5-9z"
      />
    </svg>
  </div>,
  .c0 {
  position: relative;
  display: -webkit-inline-box;
  display: -webkit-inline-flex;
  display: -ms-inline-flexbox;
  display: inline-flex;
  -webkit-align-items: center;
  -webkit-box-align: center;
  -ms-flex-align: center;
  align-items: center;
  -webkit-box-pack: center;
  -webkit-justify-content: center;
  -ms-flex-pack: center;
  justify-content: center;
  -webkit-flex-shrink: 0;
  -ms-flex-negative: 0;
  flex-shrink: 0;
  border-radius: 50%;
  -webkit-user-select: none;
  -moz-user-select: none;
  -ms-user-select: none;
  user-select: none;
  height: 40px;
  width: 40px;
  font-size: 16px;
  background-color: #FFF4E8;
  color: #FCB664;
}

<div
    class="c0"
    color="dubai10"
  >
    <svg
      fill="currentColor"
      height="20"
      viewBox="0 0 24 24"
      width="20"
      xmlns="http://www.w3.org/2000/svg"
    >
      <defs />
      <path
        clip-rule="evenodd"
        d="M12 2a5 5 0 100 10 5 5 0 000-10zM9 7a3 3 0 116 0 3 3 0 01-6 0z"
        fill-rule="evenodd"
      />
      <path
        d="M12 13c-5.41 0-8.5 4.598-8.5 9h2c0-3.598 2.473-7 6.5-7s6.5 3.402 6.5 7h2c0-4.402-3.09-9-8.5-9z"
      />
    </svg>
  </div>,
  .c0 {
  position: relative;
  display: -webkit-inline-box;
  display: -webkit-inline-flex;
  display: -ms-inline-flexbox;
  display: inline-flex;
  -webkit-align-items: center;
  -webkit-box-align: center;
  -ms-flex-align: center;
  align-items: center;
  -webkit-box-pack: center;
  -webkit-justify-content: center;
  -ms-flex-pack: center;
  justify-content: center;
  -webkit-flex-shrink: 0;
  -ms-flex-negative: 0;
  flex-shrink: 0;
  border-radius: 50%;
  -webkit-user-select: none;
  -moz-user-select: none;
  -ms-user-select: none;
  user-select: none;
  height: 40px;
  width: 40px;
  font-size: 16px;
  background-color: #FCB664;
  color: #FFFFFF;
}

<div
    class="c0"
    color="dubai100"
  >
    <svg
      fill="currentColor"
      height="20"
      viewBox="0 0 24 24"
      width="20"
      xmlns="http://www.w3.org/2000/svg"
    >
      <defs />
      <path
        clip-rule="evenodd"
        d="M12 2a5 5 0 100 10 5 5 0 000-10zM9 7a3 3 0 116 0 3 3 0 01-6 0z"
        fill-rule="evenodd"
      />
      <path
        d="M12 13c-5.41 0-8.5 4.598-8.5 9h2c0-3.598 2.473-7 6.5-7s6.5 3.402 6.5 7h2c0-4.402-3.09-9-8.5-9z"
      />
    </svg>
  </div>,
  .c0 {
  position: relative;
  display: -webkit-inline-box;
  display: -webkit-inline-flex;
  display: -ms-inline-flexbox;
  display: inline-flex;
  -webkit-align-items: center;
  -webkit-box-align: center;
  -ms-flex-align: center;
  align-items: center;
  -webkit-box-pack: center;
  -webkit-justify-content: center;
  -ms-flex-pack: center;
  justify-content: center;
  -webkit-flex-shrink: 0;
  -ms-flex-negative: 0;
  flex-shrink: 0;
  border-radius: 50%;
  -webkit-user-select: none;
  -moz-user-select: none;
  -ms-user-select: none;
  user-select: none;
  height: 40px;
  width: 40px;
  font-size: 16px;
  background-color: #F0F0FE;
  color: #9A99FB;
}

<div
    class="c0"
    color="paris10"
  >
    <svg
      fill="currentColor"
      height="20"
      viewBox="0 0 24 24"
      width="20"
      xmlns="http://www.w3.org/2000/svg"
    >
      <defs />
      <path
        clip-rule="evenodd"
        d="M12 2a5 5 0 100 10 5 5 0 000-10zM9 7a3 3 0 116 0 3 3 0 01-6 0z"
        fill-rule="evenodd"
      />
      <path
        d="M12 13c-5.41 0-8.5 4.598-8.5 9h2c0-3.598 2.473-7 6.5-7s6.5 3.402 6.5 7h2c0-4.402-3.09-9-8.5-9z"
      />
    </svg>
  </div>,
  .c0 {
  position: relative;
  display: -webkit-inline-box;
  display: -webkit-inline-flex;
  display: -ms-inline-flexbox;
  display: inline-flex;
  -webkit-align-items: center;
  -webkit-box-align: center;
  -ms-flex-align: center;
  align-items: center;
  -webkit-box-pack: center;
  -webkit-justify-content: center;
  -ms-flex-pack: center;
  justify-content: center;
  -webkit-flex-shrink: 0;
  -ms-flex-negative: 0;
  flex-shrink: 0;
  border-radius: 50%;
  -webkit-user-select: none;
  -moz-user-select: none;
  -ms-user-select: none;
  user-select: none;
  height: 40px;
  width: 40px;
  font-size: 16px;
  background-color: #9A99FB;
  color: #FFFFFF;
}

<div
    class="c0"
    color="paris100"
  >
    <svg
      fill="currentColor"
      height="20"
      viewBox="0 0 24 24"
      width="20"
      xmlns="http://www.w3.org/2000/svg"
    >
      <defs />
      <path
        clip-rule="evenodd"
        d="M12 2a5 5 0 100 10 5 5 0 000-10zM9 7a3 3 0 116 0 3 3 0 01-6 0z"
        fill-rule="evenodd"
      />
      <path
        d="M12 13c-5.41 0-8.5 4.598-8.5 9h2c0-3.598 2.473-7 6.5-7s6.5 3.402 6.5 7h2c0-4.402-3.09-9-8.5-9z"
      />
    </svg>
  </div>,
  .c0 {
  position: relative;
  display: -webkit-inline-box;
  display: -webkit-inline-flex;
  display: -ms-inline-flexbox;
  display: inline-flex;
  -webkit-align-items: center;
  -webkit-box-align: center;
  -ms-flex-align: center;
  align-items: center;
  -webkit-box-pack: center;
  -webkit-justify-content: center;
  -ms-flex-pack: center;
  justify-content: center;
  -webkit-flex-shrink: 0;
  -ms-flex-negative: 0;
  flex-shrink: 0;
  border-radius: 50%;
  -webkit-user-select: none;
  -moz-user-select: none;
  -ms-user-select: none;
  user-select: none;
  height: 40px;
  width: 40px;
  font-size: 16px;
  background-color: #E6F4FC;
  color: #57B6ED;
}

<div
    class="c0"
    color="sochi10"
  >
    <svg
      fill="currentColor"
      height="20"
      viewBox="0 0 24 24"
      width="20"
      xmlns="http://www.w3.org/2000/svg"
    >
      <defs />
      <path
        clip-rule="evenodd"
        d="M12 2a5 5 0 100 10 5 5 0 000-10zM9 7a3 3 0 116 0 3 3 0 01-6 0z"
        fill-rule="evenodd"
      />
      <path
        d="M12 13c-5.41 0-8.5 4.598-8.5 9h2c0-3.598 2.473-7 6.5-7s6.5 3.402 6.5 7h2c0-4.402-3.09-9-8.5-9z"
      />
    </svg>
  </div>,
  .c0 {
  position: relative;
  display: -webkit-inline-box;
  display: -webkit-inline-flex;
  display: -ms-inline-flexbox;
  display: inline-flex;
  -webkit-align-items: center;
  -webkit-box-align: center;
  -ms-flex-align: center;
  align-items: center;
  -webkit-box-pack: center;
  -webkit-justify-content: center;
  -ms-flex-pack: center;
  justify-content: center;
  -webkit-flex-shrink: 0;
  -ms-flex-negative: 0;
  flex-shrink: 0;
  border-radius: 50%;
  -webkit-user-select: none;
  -moz-user-select: none;
  -ms-user-select: none;
  user-select: none;
  height: 40px;
  width: 40px;
  font-size: 16px;
  background-color: #57B6ED;
  color: #FFFFFF;
}

<div
    class="c0"
    color="sochi100"
  >
    <svg
      fill="currentColor"
      height="20"
      viewBox="0 0 24 24"
      width="20"
      xmlns="http://www.w3.org/2000/svg"
    >
      <defs />
      <path
        clip-rule="evenodd"
        d="M12 2a5 5 0 100 10 5 5 0 000-10zM9 7a3 3 0 116 0 3 3 0 01-6 0z"
        fill-rule="evenodd"
      />
      <path
        d="M12 13c-5.41 0-8.5 4.598-8.5 9h2c0-3.598 2.473-7 6.5-7s6.5 3.402 6.5 7h2c0-4.402-3.09-9-8.5-9z"
      />
    </svg>
  </div>,
  .c0 {
  position: relative;
  display: -webkit-inline-box;
  display: -webkit-inline-flex;
  display: -ms-inline-flexbox;
  display: inline-flex;
  -webkit-align-items: center;
  -webkit-box-align: center;
  -ms-flex-align: center;
  align-items: center;
  -webkit-box-pack: center;
  -webkit-justify-content: center;
  -ms-flex-pack: center;
  justify-content: center;
  -webkit-flex-shrink: 0;
  -ms-flex-negative: 0;
  flex-shrink: 0;
  border-radius: 50%;
  -webkit-user-select: none;
  -moz-user-select: none;
  -ms-user-select: none;
  user-select: none;
  height: 40px;
  width: 40px;
  font-size: 16px;
  background-color: #FAEFFA;
  color: #DC94DD;
}

<div
    class="c0"
    color="tokyo10"
  >
    <svg
      fill="currentColor"
      height="20"
      viewBox="0 0 24 24"
      width="20"
      xmlns="http://www.w3.org/2000/svg"
    >
      <defs />
      <path
        clip-rule="evenodd"
        d="M12 2a5 5 0 100 10 5 5 0 000-10zM9 7a3 3 0 116 0 3 3 0 01-6 0z"
        fill-rule="evenodd"
      />
      <path
        d="M12 13c-5.41 0-8.5 4.598-8.5 9h2c0-3.598 2.473-7 6.5-7s6.5 3.402 6.5 7h2c0-4.402-3.09-9-8.5-9z"
      />
    </svg>
  </div>,
  .c0 {
  position: relative;
  display: -webkit-inline-box;
  display: -webkit-inline-flex;
  display: -ms-inline-flexbox;
  display: inline-flex;
  -webkit-align-items: center;
  -webkit-box-align: center;
  -ms-flex-align: center;
  align-items: center;
  -webkit-box-pack: center;
  -webkit-justify-content: center;
  -ms-flex-pack: center;
  justify-content: center;
  -webkit-flex-shrink: 0;
  -ms-flex-negative: 0;
  flex-shrink: 0;
  border-radius: 50%;
  -webkit-user-select: none;
  -moz-user-select: none;
  -ms-user-select: none;
  user-select: none;
  height: 40px;
  width: 40px;
  font-size: 16px;
  background-color: #DC94DD;
  color: #FFFFFF;
}

<div
    class="c0"
    color="tokyo100"
  >
    <svg
      fill="currentColor"
      height="20"
      viewBox="0 0 24 24"
      width="20"
      xmlns="http://www.w3.org/2000/svg"
    >
      <defs />
      <path
        clip-rule="evenodd"
        d="M12 2a5 5 0 100 10 5 5 0 000-10zM9 7a3 3 0 116 0 3 3 0 01-6 0z"
        fill-rule="evenodd"
      />
      <path
        d="M12 13c-5.41 0-8.5 4.598-8.5 9h2c0-3.598 2.473-7 6.5-7s6.5 3.402 6.5 7h2c0-4.402-3.09-9-8.5-9z"
      />
    </svg>
  </div>,
  .c0 {
  position: relative;
  display: -webkit-inline-box;
  display: -webkit-inline-flex;
  display: -ms-inline-flexbox;
  display: inline-flex;
  -webkit-align-items: center;
  -webkit-box-align: center;
  -ms-flex-align: center;
  align-items: center;
  -webkit-box-pack: center;
  -webkit-justify-content: center;
  -ms-flex-pack: center;
  justify-content: center;
  -webkit-flex-shrink: 0;
  -ms-flex-negative: 0;
  flex-shrink: 0;
  border-radius: 50%;
  -webkit-user-select: none;
  -moz-user-select: none;
  -ms-user-select: none;
  user-select: none;
  height: 40px;
  width: 40px;
  font-size: 16px;
  background-color: #F2F8E7;
  color: #A5D05F;
}

<div
    class="c0"
    color="dublin10"
  >
    <svg
      fill="currentColor"
      height="20"
      viewBox="0 0 24 24"
      width="20"
      xmlns="http://www.w3.org/2000/svg"
    >
      <defs />
      <path
        clip-rule="evenodd"
        d="M12 2a5 5 0 100 10 5 5 0 000-10zM9 7a3 3 0 116 0 3 3 0 01-6 0z"
        fill-rule="evenodd"
      />
      <path
        d="M12 13c-5.41 0-8.5 4.598-8.5 9h2c0-3.598 2.473-7 6.5-7s6.5 3.402 6.5 7h2c0-4.402-3.09-9-8.5-9z"
      />
    </svg>
  </div>,
  .c0 {
  position: relative;
  display: -webkit-inline-box;
  display: -webkit-inline-flex;
  display: -ms-inline-flexbox;
  display: inline-flex;
  -webkit-align-items: center;
  -webkit-box-align: center;
  -ms-flex-align: center;
  align-items: center;
  -webkit-box-pack: center;
  -webkit-justify-content: center;
  -ms-flex-pack: center;
  justify-content: center;
  -webkit-flex-shrink: 0;
  -ms-flex-negative: 0;
  flex-shrink: 0;
  border-radius: 50%;
  -webkit-user-select: none;
  -moz-user-select: none;
  -ms-user-select: none;
  user-select: none;
  height: 40px;
  width: 40px;
  font-size: 16px;
  background-color: #A5D05F;
  color: #FFFFFF;
}

<div
    class="c0"
    color="dublin100"
  >
    <svg
      fill="currentColor"
      height="20"
      viewBox="0 0 24 24"
      width="20"
      xmlns="http://www.w3.org/2000/svg"
    >
      <defs />
      <path
        clip-rule="evenodd"
        d="M12 2a5 5 0 100 10 5 5 0 000-10zM9 7a3 3 0 116 0 3 3 0 01-6 0z"
        fill-rule="evenodd"
      />
      <path
        d="M12 13c-5.41 0-8.5 4.598-8.5 9h2c0-3.598 2.473-7 6.5-7s6.5 3.402 6.5 7h2c0-4.402-3.09-9-8.5-9z"
      />
    </svg>
  </div>,
  .c0 {
  position: relative;
  display: -webkit-inline-box;
  display: -webkit-inline-flex;
  display: -ms-inline-flexbox;
  display: inline-flex;
  -webkit-align-items: center;
  -webkit-box-align: center;
  -ms-flex-align: center;
  align-items: center;
  -webkit-box-pack: center;
  -webkit-justify-content: center;
  -ms-flex-pack: center;
  justify-content: center;
  -webkit-flex-shrink: 0;
  -ms-flex-negative: 0;
  flex-shrink: 0;
  border-radius: 50%;
  -webkit-user-select: none;
  -moz-user-select: none;
  -ms-user-select: none;
  user-select: none;
  height: 40px;
  width: 40px;
  font-size: 16px;
  background-color: #ECF8EB;
  color: #7DD27C;
}

<div
    class="c0"
    color="bern10"
  >
    <svg
      fill="currentColor"
      height="20"
      viewBox="0 0 24 24"
      width="20"
      xmlns="http://www.w3.org/2000/svg"
    >
      <defs />
      <path
        clip-rule="evenodd"
        d="M12 2a5 5 0 100 10 5 5 0 000-10zM9 7a3 3 0 116 0 3 3 0 01-6 0z"
        fill-rule="evenodd"
      />
      <path
        d="M12 13c-5.41 0-8.5 4.598-8.5 9h2c0-3.598 2.473-7 6.5-7s6.5 3.402 6.5 7h2c0-4.402-3.09-9-8.5-9z"
      />
    </svg>
  </div>,
  .c0 {
  position: relative;
  display: -webkit-inline-box;
  display: -webkit-inline-flex;
  display: -ms-inline-flexbox;
  display: inline-flex;
  -webkit-align-items: center;
  -webkit-box-align: center;
  -ms-flex-align: center;
  align-items: center;
  -webkit-box-pack: center;
  -webkit-justify-content: center;
  -ms-flex-pack: center;
  justify-content: center;
  -webkit-flex-shrink: 0;
  -ms-flex-negative: 0;
  flex-shrink: 0;
  border-radius: 50%;
  -webkit-user-select: none;
  -moz-user-select: none;
  -ms-user-select: none;
  user-select: none;
  height: 40px;
  width: 40px;
  font-size: 16px;
  background-color: #7DD27C;
  color: #FFFFFF;
}

<div
    class="c0"
    color="bern100"
  >
    <svg
      fill="currentColor"
      height="20"
      viewBox="0 0 24 24"
      width="20"
      xmlns="http://www.w3.org/2000/svg"
    >
      <defs />
      <path
        clip-rule="evenodd"
        d="M12 2a5 5 0 100 10 5 5 0 000-10zM9 7a3 3 0 116 0 3 3 0 01-6 0z"
        fill-rule="evenodd"
      />
      <path
        d="M12 13c-5.41 0-8.5 4.598-8.5 9h2c0-3.598 2.473-7 6.5-7s6.5 3.402 6.5 7h2c0-4.402-3.09-9-8.5-9z"
      />
    </svg>
  </div>,
  .c0 {
  position: relative;
  display: -webkit-inline-box;
  display: -webkit-inline-flex;
  display: -ms-inline-flexbox;
  display: inline-flex;
  -webkit-align-items: center;
  -webkit-box-align: center;
  -ms-flex-align: center;
  align-items: center;
  -webkit-box-pack: center;
  -webkit-justify-content: center;
  -ms-flex-pack: center;
  justify-content: center;
  -webkit-flex-shrink: 0;
  -ms-flex-negative: 0;
  flex-shrink: 0;
  border-radius: 50%;
  -webkit-user-select: none;
  -moz-user-select: none;
  -ms-user-select: none;
  user-select: none;
  height: 40px;
  width: 40px;
  font-size: 16px;
  background-color: #E4F7F8;
  color: #4BCBD3;
}

<div
    class="c0"
    color="manila10"
  >
    <svg
      fill="currentColor"
      height="20"
      viewBox="0 0 24 24"
      width="20"
      xmlns="http://www.w3.org/2000/svg"
    >
      <defs />
      <path
        clip-rule="evenodd"
        d="M12 2a5 5 0 100 10 5 5 0 000-10zM9 7a3 3 0 116 0 3 3 0 01-6 0z"
        fill-rule="evenodd"
      />
      <path
        d="M12 13c-5.41 0-8.5 4.598-8.5 9h2c0-3.598 2.473-7 6.5-7s6.5 3.402 6.5 7h2c0-4.402-3.09-9-8.5-9z"
      />
    </svg>
  </div>,
  .c0 {
  position: relative;
  display: -webkit-inline-box;
  display: -webkit-inline-flex;
  display: -ms-inline-flexbox;
  display: inline-flex;
  -webkit-align-items: center;
  -webkit-box-align: center;
  -ms-flex-align: center;
  align-items: center;
  -webkit-box-pack: center;
  -webkit-justify-content: center;
  -ms-flex-pack: center;
  justify-content: center;
  -webkit-flex-shrink: 0;
  -ms-flex-negative: 0;
  flex-shrink: 0;
  border-radius: 50%;
  -webkit-user-select: none;
  -moz-user-select: none;
  -ms-user-select: none;
  user-select: none;
  height: 40px;
  width: 40px;
  font-size: 16px;
  background-color: #4BCBD3;
  color: #FFFFFF;
}

<div
    class="c0"
    color="manila100"
  >
    <svg
      fill="currentColor"
      height="20"
      viewBox="0 0 24 24"
      width="20"
      xmlns="http://www.w3.org/2000/svg"
    >
      <defs />
      <path
        clip-rule="evenodd"
        d="M12 2a5 5 0 100 10 5 5 0 000-10zM9 7a3 3 0 116 0 3 3 0 01-6 0z"
        fill-rule="evenodd"
      />
      <path
        d="M12 13c-5.41 0-8.5 4.598-8.5 9h2c0-3.598 2.473-7 6.5-7s6.5 3.402 6.5 7h2c0-4.402-3.09-9-8.5-9z"
      />
    </svg>
  </div>,
  .c0 {
  position: relative;
  display: -webkit-inline-box;
  display: -webkit-inline-flex;
  display: -ms-inline-flexbox;
  display: inline-flex;
  -webkit-align-items: center;
  -webkit-box-align: center;
  -ms-flex-align: center;
  align-items: center;
  -webkit-box-pack: center;
  -webkit-justify-content: center;
  -ms-flex-pack: center;
  justify-content: center;
  -webkit-flex-shrink: 0;
  -ms-flex-negative: 0;
  flex-shrink: 0;
  border-radius: 50%;
  -webkit-user-select: none;
  -moz-user-select: none;
  -ms-user-select: none;
  user-select: none;
  height: 40px;
  width: 40px;
  font-size: 16px;
  background-color: #ECF2FF;
  color: #82A9FF;
}

<div
    class="c0"
    color="tallin10"
  >
    <svg
      fill="currentColor"
      height="20"
      viewBox="0 0 24 24"
      width="20"
      xmlns="http://www.w3.org/2000/svg"
    >
      <defs />
      <path
        clip-rule="evenodd"
        d="M12 2a5 5 0 100 10 5 5 0 000-10zM9 7a3 3 0 116 0 3 3 0 01-6 0z"
        fill-rule="evenodd"
      />
      <path
        d="M12 13c-5.41 0-8.5 4.598-8.5 9h2c0-3.598 2.473-7 6.5-7s6.5 3.402 6.5 7h2c0-4.402-3.09-9-8.5-9z"
      />
    </svg>
  </div>,
  .c0 {
  position: relative;
  display: -webkit-inline-box;
  display: -webkit-inline-flex;
  display: -ms-inline-flexbox;
  display: inline-flex;
  -webkit-align-items: center;
  -webkit-box-align: center;
  -ms-flex-align: center;
  align-items: center;
  -webkit-box-pack: center;
  -webkit-justify-content: center;
  -ms-flex-pack: center;
  justify-content: center;
  -webkit-flex-shrink: 0;
  -ms-flex-negative: 0;
  flex-shrink: 0;
  border-radius: 50%;
  -webkit-user-select: none;
  -moz-user-select: none;
  -ms-user-select: none;
  user-select: none;
  height: 40px;
  width: 40px;
  font-size: 16px;
  background-color: #82A9FF;
  color: #FFFFFF;
}

<div
    class="c0"
    color="tallin100"
  >
    <svg
      fill="currentColor"
      height="20"
      viewBox="0 0 24 24"
      width="20"
      xmlns="http://www.w3.org/2000/svg"
    >
      <defs />
      <path
        clip-rule="evenodd"
        d="M12 2a5 5 0 100 10 5 5 0 000-10zM9 7a3 3 0 116 0 3 3 0 01-6 0z"
        fill-rule="evenodd"
      />
      <path
        d="M12 13c-5.41 0-8.5 4.598-8.5 9h2c0-3.598 2.473-7 6.5-7s6.5 3.402 6.5 7h2c0-4.402-3.09-9-8.5-9z"
      />
    </svg>
  </div>,
  .c0 {
  position: relative;
  display: -webkit-inline-box;
  display: -webkit-inline-flex;
  display: -ms-inline-flexbox;
  display: inline-flex;
  -webkit-align-items: center;
  -webkit-box-align: center;
  -ms-flex-align: center;
  align-items: center;
  -webkit-box-pack: center;
  -webkit-justify-content: center;
  -ms-flex-pack: center;
  justify-content: center;
  -webkit-flex-shrink: 0;
  -ms-flex-negative: 0;
  flex-shrink: 0;
  border-radius: 50%;
  -webkit-user-select: none;
  -moz-user-select: none;
  -ms-user-select: none;
  user-select: none;
  height: 40px;
  width: 40px;
  font-size: 16px;
  background-color: #F5EFFE;
  color: #BE93F8;
}

<div
    class="c0"
    color="seoul10"
  >
    <svg
      fill="currentColor"
      height="20"
      viewBox="0 0 24 24"
      width="20"
      xmlns="http://www.w3.org/2000/svg"
    >
      <defs />
      <path
        clip-rule="evenodd"
        d="M12 2a5 5 0 100 10 5 5 0 000-10zM9 7a3 3 0 116 0 3 3 0 01-6 0z"
        fill-rule="evenodd"
      />
      <path
        d="M12 13c-5.41 0-8.5 4.598-8.5 9h2c0-3.598 2.473-7 6.5-7s6.5 3.402 6.5 7h2c0-4.402-3.09-9-8.5-9z"
      />
    </svg>
  </div>,
  .c0 {
  position: relative;
  display: -webkit-inline-box;
  display: -webkit-inline-flex;
  display: -ms-inline-flexbox;
  display: inline-flex;
  -webkit-align-items: center;
  -webkit-box-align: center;
  -ms-flex-align: center;
  align-items: center;
  -webkit-box-pack: center;
  -webkit-justify-content: center;
  -ms-flex-pack: center;
  justify-content: center;
  -webkit-flex-shrink: 0;
  -ms-flex-negative: 0;
  flex-shrink: 0;
  border-radius: 50%;
  -webkit-user-select: none;
  -moz-user-select: none;
  -ms-user-select: none;
  user-select: none;
  height: 40px;
  width: 40px;
  font-size: 16px;
  background-color: #BE93F8;
  color: #FFFFFF;
}

<div
    class="c0"
    color="seoul100"
  >
    <svg
      fill="currentColor"
      height="20"
      viewBox="0 0 24 24"
      width="20"
      xmlns="http://www.w3.org/2000/svg"
    >
      <defs />
      <path
        clip-rule="evenodd"
        d="M12 2a5 5 0 100 10 5 5 0 000-10zM9 7a3 3 0 116 0 3 3 0 01-6 0z"
        fill-rule="evenodd"
      />
      <path
        d="M12 13c-5.41 0-8.5 4.598-8.5 9h2c0-3.598 2.473-7 6.5-7s6.5 3.402 6.5 7h2c0-4.402-3.09-9-8.5-9z"
      />
    </svg>
  </div>,
  .c0 {
  position: relative;
  display: -webkit-inline-box;
  display: -webkit-inline-flex;
  display: -ms-inline-flexbox;
  display: inline-flex;
  -webkit-align-items: center;
  -webkit-box-align: center;
  -ms-flex-align: center;
  align-items: center;
  -webkit-box-pack: center;
  -webkit-justify-content: center;
  -ms-flex-pack: center;
  justify-content: center;
  -webkit-flex-shrink: 0;
  -ms-flex-negative: 0;
  flex-shrink: 0;
  border-radius: 50%;
  -webkit-user-select: none;
  -moz-user-select: none;
  -ms-user-select: none;
  user-select: none;
  height: 40px;
  width: 40px;
  font-size: 16px;
  background-color: #FDEFF5;
  color: #F095BA;
}

<div
    class="c0"
    color="havana10"
  >
    <svg
      fill="currentColor"
      height="20"
      viewBox="0 0 24 24"
      width="20"
      xmlns="http://www.w3.org/2000/svg"
    >
      <defs />
      <path
        clip-rule="evenodd"
        d="M12 2a5 5 0 100 10 5 5 0 000-10zM9 7a3 3 0 116 0 3 3 0 01-6 0z"
        fill-rule="evenodd"
      />
      <path
        d="M12 13c-5.41 0-8.5 4.598-8.5 9h2c0-3.598 2.473-7 6.5-7s6.5 3.402 6.5 7h2c0-4.402-3.09-9-8.5-9z"
      />
    </svg>
  </div>,
  .c0 {
  position: relative;
  display: -webkit-inline-box;
  display: -webkit-inline-flex;
  display: -ms-inline-flexbox;
  display: inline-flex;
  -webkit-align-items: center;
  -webkit-box-align: center;
  -ms-flex-align: center;
  align-items: center;
  -webkit-box-pack: center;
  -webkit-justify-content: center;
  -ms-flex-pack: center;
  justify-content: center;
  -webkit-flex-shrink: 0;
  -ms-flex-negative: 0;
  flex-shrink: 0;
  border-radius: 50%;
  -webkit-user-select: none;
  -moz-user-select: none;
  -ms-user-select: none;
  user-select: none;
  height: 40px;
  width: 40px;
  font-size: 16px;
  background-color: #F095BA;
  color: #FFFFFF;
}

<div
    class="c0"
    color="havana100"
  >
    <svg
      fill="currentColor"
      height="20"
      viewBox="0 0 24 24"
      width="20"
      xmlns="http://www.w3.org/2000/svg"
    >
      <defs />
      <path
        clip-rule="evenodd"
        d="M12 2a5 5 0 100 10 5 5 0 000-10zM9 7a3 3 0 116 0 3 3 0 01-6 0z"
        fill-rule="evenodd"
      />
      <path
        d="M12 13c-5.41 0-8.5 4.598-8.5 9h2c0-3.598 2.473-7 6.5-7s6.5 3.402 6.5 7h2c0-4.402-3.09-9-8.5-9z"
      />
    </svg>
  </div>,
  .c0 {
  position: relative;
  display: -webkit-inline-box;
  display: -webkit-inline-flex;
  display: -ms-inline-flexbox;
  display: inline-flex;
  -webkit-align-items: center;
  -webkit-box-align: center;
  -ms-flex-align: center;
  align-items: center;
  -webkit-box-pack: center;
  -webkit-justify-content: center;
  -ms-flex-pack: center;
  justify-content: center;
  -webkit-flex-shrink: 0;
  -ms-flex-negative: 0;
  flex-shrink: 0;
  border-radius: 50%;
  -webkit-user-select: none;
  -moz-user-select: none;
  -ms-user-select: none;
  user-select: none;
  height: 40px;
  width: 40px;
  font-size: 16px;
  background-color: #FEF6E1;
  color: #F9C541;
}

<div
    class="c0"
    color="madrid10"
  >
    <svg
      fill="currentColor"
      height="20"
      viewBox="0 0 24 24"
      width="20"
      xmlns="http://www.w3.org/2000/svg"
    >
      <defs />
      <path
        clip-rule="evenodd"
        d="M12 2a5 5 0 100 10 5 5 0 000-10zM9 7a3 3 0 116 0 3 3 0 01-6 0z"
        fill-rule="evenodd"
      />
      <path
        d="M12 13c-5.41 0-8.5 4.598-8.5 9h2c0-3.598 2.473-7 6.5-7s6.5 3.402 6.5 7h2c0-4.402-3.09-9-8.5-9z"
      />
    </svg>
  </div>,
  .c0 {
  position: relative;
  display: -webkit-inline-box;
  display: -webkit-inline-flex;
  display: -ms-inline-flexbox;
  display: inline-flex;
  -webkit-align-items: center;
  -webkit-box-align: center;
  -ms-flex-align: center;
  align-items: center;
  -webkit-box-pack: center;
  -webkit-justify-content: center;
  -ms-flex-pack: center;
  justify-content: center;
  -webkit-flex-shrink: 0;
  -ms-flex-negative: 0;
  flex-shrink: 0;
  border-radius: 50%;
  -webkit-user-select: none;
  -moz-user-select: none;
  -ms-user-select: none;
  user-select: none;
  height: 40px;
  width: 40px;
  font-size: 16px;
  background-color: #F9C541;
  color: #FFFFFF;
}

<div
    class="c0"
    color="madrid100"
  >
    <svg
      fill="currentColor"
      height="20"
      viewBox="0 0 24 24"
      width="20"
      xmlns="http://www.w3.org/2000/svg"
    >
      <defs />
      <path
        clip-rule="evenodd"
        d="M12 2a5 5 0 100 10 5 5 0 000-10zM9 7a3 3 0 116 0 3 3 0 01-6 0z"
        fill-rule="evenodd"
      />
      <path
        d="M12 13c-5.41 0-8.5 4.598-8.5 9h2c0-3.598 2.473-7 6.5-7s6.5 3.402 6.5 7h2c0-4.402-3.09-9-8.5-9z"
      />
    </svg>
  </div>,
  .c0 {
  position: relative;
  display: -webkit-inline-box;
  display: -webkit-inline-flex;
  display: -ms-inline-flexbox;
  display: inline-flex;
  -webkit-align-items: center;
  -webkit-box-align: center;
  -ms-flex-align: center;
  align-items: center;
  -webkit-box-pack: center;
  -webkit-justify-content: center;
  -ms-flex-pack: center;
  justify-content: center;
  -webkit-flex-shrink: 0;
  -ms-flex-negative: 0;
  flex-shrink: 0;
  border-radius: 50%;
  -webkit-user-select: none;
  -moz-user-select: none;
  -ms-user-select: none;
  user-select: none;
  height: 40px;
  width: 40px;
  font-size: 16px;
  background-color: #FFF1EB;
  color: #FEA17A;
}

<div
    class="c0"
    color="porto10"
  >
    <svg
      fill="currentColor"
      height="20"
      viewBox="0 0 24 24"
      width="20"
      xmlns="http://www.w3.org/2000/svg"
    >
      <defs />
      <path
        clip-rule="evenodd"
        d="M12 2a5 5 0 100 10 5 5 0 000-10zM9 7a3 3 0 116 0 3 3 0 01-6 0z"
        fill-rule="evenodd"
      />
      <path
        d="M12 13c-5.41 0-8.5 4.598-8.5 9h2c0-3.598 2.473-7 6.5-7s6.5 3.402 6.5 7h2c0-4.402-3.09-9-8.5-9z"
      />
    </svg>
  </div>,
  .c0 {
  position: relative;
  display: -webkit-inline-box;
  display: -webkit-inline-flex;
  display: -ms-inline-flexbox;
  display: inline-flex;
  -webkit-align-items: center;
  -webkit-box-align: center;
  -ms-flex-align: center;
  align-items: center;
  -webkit-box-pack: center;
  -webkit-justify-content: center;
  -ms-flex-pack: center;
  justify-content: center;
  -webkit-flex-shrink: 0;
  -ms-flex-negative: 0;
  flex-shrink: 0;
  border-radius: 50%;
  -webkit-user-select: none;
  -moz-user-select: none;
  -ms-user-select: none;
  user-select: none;
  height: 40px;
  width: 40px;
  font-size: 16px;
  background-color: #FEA17A;
  color: #FFFFFF;
}

<div
    class="c0"
    color="porto100"
  >
    <svg
      fill="currentColor"
      height="20"
      viewBox="0 0 24 24"
      width="20"
      xmlns="http://www.w3.org/2000/svg"
    >
      <defs />
      <path
        clip-rule="evenodd"
        d="M12 2a5 5 0 100 10 5 5 0 000-10zM9 7a3 3 0 116 0 3 3 0 01-6 0z"
        fill-rule="evenodd"
      />
      <path
        d="M12 13c-5.41 0-8.5 4.598-8.5 9h2c0-3.598 2.473-7 6.5-7s6.5 3.402 6.5 7h2c0-4.402-3.09-9-8.5-9z"
      />
    </svg>
  </div>,
]
`;

exports[`RoundIcon w/ icon 1`] = `
.c0 {
  position: relative;
  display: -webkit-inline-box;
  display: -webkit-inline-flex;
  display: -ms-inline-flexbox;
  display: inline-flex;
  -webkit-align-items: center;
  -webkit-box-align: center;
  -ms-flex-align: center;
  align-items: center;
  -webkit-box-pack: center;
  -webkit-justify-content: center;
  -ms-flex-pack: center;
  justify-content: center;
  -webkit-flex-shrink: 0;
  -ms-flex-negative: 0;
  flex-shrink: 0;
  border-radius: 50%;
  -webkit-user-select: none;
  -moz-user-select: none;
  -ms-user-select: none;
  user-select: none;
  height: 40px;
  width: 40px;
  font-size: 16px;
  background-color: #E9EAEA;
  color: #808185;
}

<div
  class="c0"
  color="seattle10"
>
  <svg
    fill="currentColor"
    height="20"
    viewBox="0 0 24 24"
    width="20"
    xmlns="http://www.w3.org/2000/svg"
  >
    <defs />
    <path
      clip-rule="evenodd"
      d="M12 2a5 5 0 100 10 5 5 0 000-10zM9 7a3 3 0 116 0 3 3 0 01-6 0z"
      fill-rule="evenodd"
    />
    <path
      d="M12 13c-5.41 0-8.5 4.598-8.5 9h2c0-3.598 2.473-7 6.5-7s6.5 3.402 6.5 7h2c0-4.402-3.09-9-8.5-9z"
    />
  </svg>
</div>
`;

exports[`RoundIcon w/ size 1`] = `
Array [
  .c0 {
  position: relative;
  display: -webkit-inline-box;
  display: -webkit-inline-flex;
  display: -ms-inline-flexbox;
  display: inline-flex;
  -webkit-align-items: center;
  -webkit-box-align: center;
  -ms-flex-align: center;
  align-items: center;
  -webkit-box-pack: center;
  -webkit-justify-content: center;
  -ms-flex-pack: center;
  justify-content: center;
  -webkit-flex-shrink: 0;
  -ms-flex-negative: 0;
  flex-shrink: 0;
  border-radius: 50%;
  -webkit-user-select: none;
  -moz-user-select: none;
  -ms-user-select: none;
  user-select: none;
  height: 24px;
  width: 24px;
  font-size: 12px;
  background-color: #E9EAEA;
  color: #808185;
}

<div
    class="c0"
    color="seattle10"
  >
    M
  </div>,
  .c0 {
  position: relative;
  display: -webkit-inline-box;
  display: -webkit-inline-flex;
  display: -ms-inline-flexbox;
  display: inline-flex;
  -webkit-align-items: center;
  -webkit-box-align: center;
  -ms-flex-align: center;
  align-items: center;
  -webkit-box-pack: center;
  -webkit-justify-content: center;
  -ms-flex-pack: center;
  justify-content: center;
  -webkit-flex-shrink: 0;
  -ms-flex-negative: 0;
  flex-shrink: 0;
  border-radius: 50%;
  -webkit-user-select: none;
  -moz-user-select: none;
  -ms-user-select: none;
  user-select: none;
  height: 32px;
  width: 32px;
  font-size: 14px;
  background-color: #E9EAEA;
  color: #808185;
}

<div
    class="c0"
    color="seattle10"
  >
    M
  </div>,
  .c0 {
  position: relative;
  display: -webkit-inline-box;
  display: -webkit-inline-flex;
  display: -ms-inline-flexbox;
  display: inline-flex;
  -webkit-align-items: center;
  -webkit-box-align: center;
  -ms-flex-align: center;
  align-items: center;
  -webkit-box-pack: center;
  -webkit-justify-content: center;
  -ms-flex-pack: center;
  justify-content: center;
  -webkit-flex-shrink: 0;
  -ms-flex-negative: 0;
  flex-shrink: 0;
  border-radius: 50%;
  -webkit-user-select: none;
  -moz-user-select: none;
  -ms-user-select: none;
  user-select: none;
  height: 40px;
  width: 40px;
  font-size: 16px;
  background-color: #E9EAEA;
  color: #808185;
}

<div
    class="c0"
    color="seattle10"
  >
    M
  </div>,
  .c0 {
  position: relative;
  display: -webkit-inline-box;
  display: -webkit-inline-flex;
  display: -ms-inline-flexbox;
  display: inline-flex;
  -webkit-align-items: center;
  -webkit-box-align: center;
  -ms-flex-align: center;
  align-items: center;
  -webkit-box-pack: center;
  -webkit-justify-content: center;
  -ms-flex-pack: center;
  justify-content: center;
  -webkit-flex-shrink: 0;
  -ms-flex-negative: 0;
  flex-shrink: 0;
  border-radius: 50%;
  -webkit-user-select: none;
  -moz-user-select: none;
  -ms-user-select: none;
  user-select: none;
  height: 56px;
  width: 56px;
  font-size: 20px;
  background-color: #E9EAEA;
  color: #808185;
}

<div
    class="c0"
    color="seattle10"
  >
    M
  </div>,
  .c0 {
  position: relative;
  display: -webkit-inline-box;
  display: -webkit-inline-flex;
  display: -ms-inline-flexbox;
  display: inline-flex;
  -webkit-align-items: center;
  -webkit-box-align: center;
  -ms-flex-align: center;
  align-items: center;
  -webkit-box-pack: center;
  -webkit-justify-content: center;
  -ms-flex-pack: center;
  justify-content: center;
  -webkit-flex-shrink: 0;
  -ms-flex-negative: 0;
  flex-shrink: 0;
  border-radius: 50%;
  -webkit-user-select: none;
  -moz-user-select: none;
  -ms-user-select: none;
  user-select: none;
  height: 112px;
  width: 112px;
  font-size: 30px;
  background-color: #E9EAEA;
  color: #808185;
}

<div
    class="c0"
    color="seattle10"
  >
    M
  </div>,
]
`;
